// Jest Snapshot v1, https://goo.gl/fbAQLP

exports[`SimpleComponent snapshots 1`] = `
<app-simple>
  <div
    id="root1"
  >
    <p>
      simple works!
    </p>
  </div>
</app-simple>
`;
